
 RUN  v4.0.18 C:/Users/elric/omega-project/packages/book-factory

 ✓ tests/book-planner.test.ts (8 tests) 7ms
 ✓ tests/acl/acl.test.ts (6 tests) 4ms
 ✓ tests/identity/registry.test.ts (8 tests) 4ms
 ✓ tests/identity/registry.adversarial.test.ts (8 tests) 4ms
 ✓ tests/identity/resolver.test.ts (9 tests) 10ms
 ✓ tests/identity/registry.property.test.ts (3 tests) 15ms
 ✓ tests/book-orchestrator.test.ts (4 tests) 12ms
 ✓ tests/recall/recall.test.ts (14 tests) 14ms
 ✓ tests/extraction/double-bible.test.ts (10 tests) 13ms
 ✓ tests/loop/r6-lite.test.ts (6 tests) 13ms
 ✓ tests/loop/r6-core.test.ts (8 tests) 24ms
 ✓ tests/story-state.test.ts (8 tests) 11ms
 ✓ tests/continuity-oracle.test.ts (8 tests) 11ms
 ✓ tests/epistemic-probe.test.ts (13 tests) 15ms
 ✓ tests/dry-run.test.ts (5 tests) 20ms

 Test Files  15 passed (15)
      Tests  118 passed (118)
   Start at  10:45:35
   Duration  492ms (transform 2.29s, setup 0ms, import 3.27s, tests 178ms, environment 2ms)

