// Vitest Snapshot v1, https://vitest.dev/guide/snapshot.html

exports[`API Surface — Snapshot > nexus/atlas > public exports snapshot > atlas-public-exports 1`] = `
[
  "ATLAS_VERSION",
  "AtlasError",
  "AtlasIndexAlreadyExistsError",
  "AtlasIndexCorruptError",
  "AtlasIndexError",
  "AtlasIndexNotFoundError",
  "AtlasProjectionError",
  "AtlasProjectionFailedError",
  "AtlasQueryError",
  "AtlasQueryFieldNotFoundError",
  "AtlasQueryInvalidFilterError",
  "AtlasQueryInvalidOperatorError",
  "AtlasStore",
  "AtlasSubscriptionCallbackError",
  "AtlasSubscriptionError",
  "AtlasSubscriptionNotFoundError",
  "AtlasViewAlreadyExistsError",
  "AtlasViewError",
  "AtlasViewNotFoundError",
  "AtlasViewVersionConflictError",
  "IndexManager",
  "SubscriptionManager",
  "executeQuery",
  "isAtlasError",
  "seededRNG",
  "systemClock",
  "systemRNG",
  "validateQuery",
]
`;

exports[`API Surface — Snapshot > nexus/ledger > public exports snapshot > ledger-public-exports 1`] = `
[
  "EVENT_TYPES",
  "EntityStore",
  "EventStore",
  "LEDGER_VERSION",
  "Registry",
  "isValidEventType",
  "validateEvent",
]
`;

exports[`API Surface — Snapshot > nexus/proof-utils > public exports snapshot > proof-utils-public-exports 1`] = `
[
  "PROOF_UTILS_VERSION",
  "ProofDeserializeError",
  "ProofDiffError",
  "ProofDiffInvalidInputError",
  "ProofError",
  "ProofFileNotFoundError",
  "ProofHashMismatchError",
  "ProofManifestBuildError",
  "ProofManifestError",
  "ProofManifestParseError",
  "ProofSerializeError",
  "ProofSnapshotCreateError",
  "ProofSnapshotError",
  "ProofSnapshotNotFoundError",
  "ProofSnapshotRestoreError",
  "ProofVerifyError",
  "buildManifest",
  "compareSnapshots",
  "createSnapshot",
  "deserializeManifest",
  "deserializeSnapshot",
  "diffManifests",
  "filterDiff",
  "getAddedPaths",
  "getChangedPaths",
  "getModifiedPaths",
  "getRemovedPaths",
  "hasChanges",
  "loadManifest",
  "loadSnapshot",
  "mockClock",
  "resetIdCounter",
  "restoreSnapshot",
  "saveManifest",
  "saveSnapshot",
  "seededIdGenerator",
  "serializeManifest",
  "serializeSnapshot",
  "summarizeDiff",
  "systemClock",
  "verifyManifest",
  "verifySnapshot",
]
`;

exports[`API Surface — Snapshot > nexus/raw > public exports snapshot > raw-public-exports 1`] = `
[
  "FileBackend",
  "MemoryBackend",
  "RAW_VERSION",
  "RawBackendClosedError",
  "RawBackendError",
  "RawBackendInitError",
  "RawBackupError",
  "RawChecksumError",
  "RawChecksumMismatchError",
  "RawCompressionError",
  "RawCryptoDecryptError",
  "RawCryptoEncryptError",
  "RawCryptoError",
  "RawCryptoKeyExpiredError",
  "RawCryptoKeyNotFoundError",
  "RawDecompressionError",
  "RawError",
  "RawPathError",
  "RawPathInvalidError",
  "RawPathTraversalError",
  "RawRestoreError",
  "RawStorage",
  "RawStorageDeleteError",
  "RawStorageError",
  "RawStorageNotFoundError",
  "RawStorageQuotaError",
  "RawStorageReadError",
  "RawStorageWriteError",
  "RawTTLError",
  "RawTTLExpiredError",
  "SimpleKeyring",
  "assertChecksum",
  "compress",
  "compressionRatio",
  "computeChecksum",
  "createKeyring",
  "createSafePath",
  "decompress",
  "decrypt",
  "deserializeEncrypted",
  "encrypt",
  "extractKey",
  "getDataPathFromMetadata",
  "getMetadataPath",
  "isGzipCompressed",
  "isMetadataPath",
  "isRawError",
  "mockClock",
  "sanitizeKey",
  "seededRNG",
  "serializeEncrypted",
  "systemClock",
  "systemRNG",
  "verifyChecksum",
]
`;
